<html>
<body>
<pre>
<h1>µVision Build Log</h1>
<h2>Tool Versions:</h2>
IDE-Version: ¦ÌVision V5.25.2.0
Copyright (C) 2018 ARM Ltd and ARM Germany GmbH. All rights reserved.
License Information: peng,  , LIC=PE7X7-EM59T-2XLU1-CEAX1-FX8RV-P8U1I
 
Tool Versions:
Toolchain:       MDK-ARM Plus  Version: 5.25.2.0
Toolchain Path:  D:\application\keil_V5\ARM\ARMCC\Bin
C Compiler:      Armcc.exe V5.06 update 6 (build 750)
Assembler:       Armasm.exe V5.06 update 6 (build 750)
Linker/Locator:  ArmLink.exe V5.06 update 6 (build 750)
Library Manager: ArmAr.exe V5.06 update 6 (build 750)
Hex Converter:   FromElf.exe V5.06 update 6 (build 750)
CPU DLL:         SARMCM3.DLL V5.25.2.0
Dialog DLL:      DCM.DLL V1.17.1.0
Target DLL:      STLink\ST-LINKIII-KEIL_SWO.dll V3.0.1.0
Dialog DLL:      TCM.DLL V1.35.1.0
 
<h2>Project:</h2>
E:\Project\Ê÷Ý®ÅÉ4³ÌÐò\0.96inch_LCD_Module_code\STM32\STM32F103RBT6\MDK-ARM\lcd0in96-demo.uvprojx
Project File Date:  11/28/2018

<h2>Output:</h2>
*** Using Compiler 'V5.06 update 6 (build 750)', folder: 'D:\application\keil_V5\ARM\ARMCC\Bin'
Rebuild target 'lcd0in96-demo'
assembling startup_stm32f103xb.s...
compiling main.c...
compiling gpio.c...
compiling stm32f1xx_it.c...
compiling spi.c...
compiling usart.c...
compiling system_stm32f1xx.c...
compiling tim.c...
compiling stm32f1xx_hal_msp.c...
compiling stm32f1xx_hal_gpio_ex.c...
compiling stm32f1xx_hal_pwr.c...
compiling stm32f1xx_hal_flash.c...
compiling stm32f1xx_hal_tim_ex.c...
compiling stm32f1xx_hal_rcc_ex.c...
compiling stm32f1xx_hal_cortex.c...
compiling stm32f1xx_hal_spi.c...
compiling stm32f1xx_hal_tim.c...
compiling stm32f1xx_hal.c...
compiling stm32f1xx_hal_flash_ex.c...
compiling stm32f1xx_hal_rcc.c...
compiling stm32f1xx_hal_dma.c...
compiling font8.c...
compiling font12.c...
compiling stm32f1xx_hal_gpio.c...
compiling stm32f1xx_hal_spi_ex.c...
compiling font20.c...
compiling font16.c...
compiling font24.c...
compiling stm32f1xx_hal_uart.c...
compiling font12CN.c...
compiling font24CN.c...
compiling image.c...
compiling image2.c...
compiling LCD_Driver.c...
compiling DEV_Config.c...
compiling GUI_Paint.c...
linking...
Program Size: Code=9748 RO-data=40624 RW-data=40 ZI-data=1264  
FromELF: creating hex file...
"SPI\lcd0in96-demo.axf" - 0 Error(s), 0 Warning(s).

<h2>Software Packages used:</h2>

Package Vendor: ARM
                http://www.keil.com/pack/ARM.CMSIS.5.3.0.pack
                ARM.CMSIS.5.3.0
                CMSIS (Cortex Microcontroller Software Interface Standard)
   * Component: CORE Version: 5.1.1

Package Vendor: Keil
                http://www.keil.com/pack/Keil.STM32F1xx_DFP.2.1.0.pack
                Keil.STM32F1xx_DFP.2.1.0
                STMicroelectronics STM32F1 Series Device Support, Drivers and Examples

<h2>Collection of Component include folders:</h2>
  .\RTE\_lcd0in96-demo
  D:\application\keil_V5\ARM\PACK\ARM\CMSIS\5.3.0\CMSIS\Include
  D:\application\keil_V5\ARM\PACK\Keil\STM32F1xx_DFP\2.1.0\Device\Include

<h2>Collection of Component Files used:</h2>

   * Component: ARM::CMSIS:CORE:5.1.1
Build Time Elapsed:  00:00:18
</pre>
</body>
</html>
